
> awarehub@0.1.0 dev
> next dev --hostname 127.0.0.1 --port 3000

   ▲ Next.js 14.1.0
   - Local:        http://127.0.0.1:3000
   - Network:      http://127.0.0.1:3000
   - Environments: .env.local

 ✓ Ready in 1254ms
 ○ Compiling / ...
 ✓ Compiled / in 1791ms (473 modules)
 ✓ Compiled in 241ms (238 modules)
 ○ Compiling /dashboard ...
 ✓ Compiled /dashboard in 629ms (689 modules)
 ✓ Compiled /campaigns in 180ms (727 modules)
 ✓ Compiled /recipients in 199ms (755 modules)
 ✓ Compiled /forms/builder/[id] in 188ms (767 modules)
 ✓ Compiled /forms/[id] in 194ms (773 modules)
 ✓ Compiled /not-found in 377ms (767 modules)
 ✓ Compiled /auth/login in 452ms (768 modules)
 ✓ Compiled /api/auth/ensure-profile in 359ms (481 modules)
 ○ Compiling /settings ...
 ✓ Compiled /settings in 698ms (824 modules)
 ✓ Compiled /api/settings/team in 197ms (517 modules)
 ✓ Compiled /dashboard in 56ms (523 modules)
 ○ Compiling /calendar ...
 ✓ Compiled /calendar in 914ms (917 modules)
 ✓ Compiled /campaigns in 80ms (467 modules)
 ✓ Compiled /recipients in 64ms (479 modules)
 ✓ Compiled /templates in 263ms (955 modules)
 ✓ Compiled /brand in 205ms (964 modules)
 ✓ Compiled /analytics in 175ms (973 modules)
 ✓ Compiled /integrations in 164ms (983 modules)
 ✓ Compiled /forms/builder/[id] in 146ms (519 modules)
 ✓ Compiled in 510ms (865 modules)
 ✓ Compiled /forms/builder/[id] in 151ms (402 modules)
 ✓ Compiled /calendar in 191ms (453 modules)
 ✓ Compiled /campaigns in 100ms (467 modules)
 ✓ Compiled /recipients in 235ms (479 modules)
 ✓ Compiled /templates in 132ms (490 modules)
 ✓ Compiled /brand in 75ms (498 modules)
 ✓ Compiled /analytics in 75ms (507 modules)
 ✓ Compiled /integrations in 80ms (513 modules)
 ○ Compiling /waitlist/[id] ...
 ✓ Compiled /waitlist/[id] in 745ms (929 modules)
 ✓ Compiled /recipients in 200ms (416 modules)
 ✓ Compiled /not-found in 254ms (899 modules)
 ✓ Compiled in 662ms (891 modules)
 ✓ Compiled /calendar in 331ms (457 modules)
 ✓ Compiled /campaigns in 67ms (470 modules)
 ✓ Compiled /recipients in 140ms (482 modules)
 ✓ Compiled /templates in 141ms (493 modules)
 ✓ Compiled /brand in 103ms (501 modules)
 ✓ Compiled /analytics in 86ms (510 modules)
 ✓ Compiled /integrations in 90ms (516 modules)
 ✓ Compiled in 568ms (891 modules)
 ✓ Compiled in 195ms (492 modules)
 ✓ Compiled in 200ms (492 modules)
 ✓ Compiled in 174ms (492 modules)
 ✓ Compiled in 300ms (492 modules)
 ✓ Compiled in 254ms (492 modules)
 ✓ Compiled in 166ms (492 modules)
 ✓ Compiled /recipients in 215ms (416 modules)
 ✓ Compiled in 622ms (896 modules)
 ✓ Compiled in 416ms (896 modules)
 ✓ Compiled in 950ms (896 modules)
 ✓ Compiled in 584ms (896 modules)
 ✓ Compiled in 345ms (896 modules)
 ✓ Compiled / in 177ms (416 modules)
 ✓ Compiled /calendar in 275ms (472 modules)
 ✓ Compiled in 479ms (933 modules)
 ✓ Compiled in 353ms (921 modules)
 ✓ Compiled /campaigns in 197ms (439 modules)
 ✓ Compiled in 241ms (931 modules)
 ✓ Compiled /templates in 218ms (457 modules)
 ✓ Compiled /brand in 88ms (465 modules)
 ✓ Compiled /analytics in 76ms (474 modules)
 ✓ Compiled /integrations in 78ms (480 modules)
 ✓ Compiled /settings in 142ms (511 modules)
 ✓ Compiled /forms/builder/[id] in 204ms (484 modules)
 ✓ Compiled /forms/[id] in 207ms (402 modules)
 ✓ Compiled in 939ms (876 modules)
 ✓ Compiled in 233ms (876 modules)
 ✓ Compiled /dashboard in 198ms (390 modules)
 ✓ Compiled /calendar in 184ms (445 modules)
 ✓ Compiled /analytics in 238ms (465 modules)
 ✓ Compiled /integrations in 72ms (471 modules)
 ✓ Compiled in 318ms (957 modules)
 ✓ Compiled /templates in 168ms (472 modules)
 ✓ Compiled in 198ms (492 modules)
 ✓ Compiled /forms/builder/[id] in 293ms (402 modules)
 ✓ Compiled /forms/[id] in 116ms (400 modules)
 ✓ Compiled /campaigns in 213ms (390 modules)
 ✓ Compiled /dashboard in 59ms (396 modules)
 ✓ Compiled in 453ms (888 modules)
 ✓ Compiled in 284ms (888 modules)
 ✓ Compiled in 244ms (888 modules)
 ✓ Compiled /calendar in 369ms (445 modules)
 ✓ Compiled /dashboard in 67ms (451 modules)
 ✓ Compiled in 440ms (943 modules)
 ✓ Compiled in 295ms (943 modules)
 ✓ Compiled in 365ms (858 modules)
 ✓ Compiled in 1227ms (872 modules)
 ✓ Compiled in 458ms (872 modules)
 ✓ Compiled /campaigns in 75ms (390 modules)
 ✓ Compiled /calendar in 286ms (445 modules)
 ✓ Compiled /analytics in 208ms (465 modules)
 ✓ Compiled /settings in 231ms (496 modules)
 ✓ Compiled /api/settings/team in 272ms (600 modules)
 ✓ Compiled /dashboard in 90ms (541 modules)
 ✓ Compiled /calendar in 88ms (576 modules)
 ✓ Compiled /campaigns in 132ms (586 modules)
 ✓ Compiled /templates in 318ms (604 modules)
 ✓ Compiled /brand in 106ms (612 modules)
 ✓ Compiled /analytics in 176ms (621 modules)
 ○ Compiling /waitlist/builder/[id] ...
 ✓ Compiled /waitlist/builder/[id] in 607ms (866 modules)
 ✓ Compiled in 909ms (852 modules)
 ✓ Compiled in 643ms (866 modules)
 ✓ Compiled in 731ms (866 modules)
 ✓ Compiled in 787ms (866 modules)
 ✓ Compiled in 739ms (866 modules)
 ✓ Compiled /not-found in 367ms (857 modules)
 ⚠ Fast Refresh had to perform a full reload due to a runtime error.
 ✓ Compiled in 944ms (866 modules)
 ⚠ Fast Refresh had to perform a full reload due to a runtime error.
 ✓ Compiled in 294ms (866 modules)
 ⨯ app/forms/builder/[id]/page.tsx (158:27) @ waitlistConfig
 ⨯ ReferenceError: waitlistConfig is not defined
    at FormBuilderPage (./app/forms/builder/[id]/page.tsx:274:30)
[0m [90m 156 |[39m[0m
[0m [90m 157 |[39m   [36mconst[39m previewFields [33m=[39m useMemo(() [33m=>[39m ensureEmailFirst(fields)[33m.[39mfilter((f) [33m=>[39m f[33m.[39menabled)[33m,[39m [fields])[0m
[0m[31m[1m>[22m[39m[90m 158 |[39m   [36mconst[39m selectedTemplate [33m=[39m waitlistConfig[33m.[39mtemplate [33m||[39m [32m'glow'[39m[0m
[0m [90m     |[39m                           [31m[1m^[22m[39m[0m
[0m [90m 159 |[39m[0m
[0m [90m 160 |[39m   [36mif[39m (loading) {[0m
[0m [90m 161 |[39m     [36mreturn[39m [33m<[39m[33mdiv[39m className[33m=[39m[32m"min-h-screen flex items-center justify-center text-muted-foreground"[39m[33m>[39m[33mLoading[39m builder…[33m<[39m[33m/[39m[33mdiv[39m[33m>[39m[0m
 ⚠ Fast Refresh had to perform a full reload due to a runtime error.
 ✓ Compiled in 350ms (866 modules)
 ⨯ app/forms/builder/[id]/page.tsx (158:27) @ waitlistConfig
 ⨯ ReferenceError: waitlistConfig is not defined
    at FormBuilderPage (./app/forms/builder/[id]/page.tsx:272:30)
[0m [90m 156 |[39m[0m
[0m [90m 157 |[39m   [36mconst[39m previewFields [33m=[39m useMemo(() [33m=>[39m ensureEmailFirst(fields)[33m.[39mfilter((f) [33m=>[39m f[33m.[39menabled)[33m,[39m [fields])[0m
[0m[31m[1m>[22m[39m[90m 158 |[39m   [36mconst[39m selectedTemplate [33m=[39m waitlistConfig[33m.[39mtemplate [33m||[39m [32m'glow'[39m[0m
[0m [90m     |[39m                           [31m[1m^[22m[39m[0m
[0m [90m 159 |[39m[0m
[0m [90m 160 |[39m   [36mif[39m (loading) {[0m
[0m [90m 161 |[39m     [36mreturn[39m [33m<[39m[33mdiv[39m className[33m=[39m[32m"min-h-screen flex items-center justify-center text-muted-foreground"[39m[33m>[39m[33mLoading[39m builder…[33m<[39m[33m/[39m[33mdiv[39m[33m>[39m[0m
 ⨯ app/forms/builder/[id]/page.tsx (158:27) @ waitlistConfig
 ⨯ ReferenceError: waitlistConfig is not defined
    at FormBuilderPage (./app/forms/builder/[id]/page.tsx:272:30)
[0m [90m 156 |[39m[0m
[0m [90m 157 |[39m   [36mconst[39m previewFields [33m=[39m useMemo(() [33m=>[39m ensureEmailFirst(fields)[33m.[39mfilter((f) [33m=>[39m f[33m.[39menabled)[33m,[39m [fields])[0m
[0m[31m[1m>[22m[39m[90m 158 |[39m   [36mconst[39m selectedTemplate [33m=[39m waitlistConfig[33m.[39mtemplate [33m||[39m [32m'glow'[39m[0m
[0m [90m     |[39m                           [31m[1m^[22m[39m[0m
[0m [90m 159 |[39m[0m
[0m [90m 160 |[39m   [36mif[39m (loading) {[0m
[0m [90m 161 |[39m     [36mreturn[39m [33m<[39m[33mdiv[39m className[33m=[39m[32m"min-h-screen flex items-center justify-center text-muted-foreground"[39m[33m>[39m[33mLoading[39m builder…[33m<[39m[33m/[39m[33mdiv[39m[33m>[39m[0m
 ⚠ Fast Refresh had to perform a full reload due to a runtime error.
 ✓ Compiled in 489ms (866 modules)
 ✓ Compiled in 1ms (374 modules)
 ✓ Compiled in 1ms (374 modules)
 ✓ Compiled in 0ms (374 modules)
 ✓ Compiled /not-found in 276ms (857 modules)
 ○ Compiling /waitlist/builder/[id] ...
 ✓ Compiled /waitlist/builder/[id] in 986ms (860 modules)
 ✓ Compiled in 746ms (874 modules)
 ✓ Compiled in 408ms (874 modules)
 ✓ Compiled in 284ms (874 modules)
 ✓ Compiled /dashboard in 250ms (385 modules)
 ✓ Compiled in 421ms (880 modules)
 ✓ Compiled in 332ms (875 modules)
 ✓ Compiled /campaigns in 74ms (390 modules)
 ✓ Compiled /forms/builder/[id] in 114ms (395 modules)
 ✓ Compiled in 493ms (888 modules)
 ✓ Compiled in 0ms (394 modules)
 ✓ Compiled in 0ms (394 modules)
 ✓ Compiled in 0ms (394 modules)
 ✓ Compiled in 0ms (394 modules)
 ✓ Compiled in 789ms (874 modules)
 ✓ Compiled in 561ms (874 modules)
 ✓ Compiled in 913ms (874 modules)
 ✓ Compiled in 610ms (860 modules)
 ✓ Compiled in 637ms (874 modules)
 ✓ Compiled /growth in 278ms (866 modules)
 ✓ Compiled /campaigns in 268ms (394 modules)
 ✓ Compiled /templates in 302ms (412 modules)
 ✓ Compiled in 857ms (876 modules)
 ✓ Compiled in 852ms (876 modules)
 ✓ Compiled in 622ms (876 modules)
 ✓ Compiled in 964ms (860 modules)
 ✓ Compiled in 550ms (860 modules)
 ○ Compiling /growth ...
 ⨯ ./app/growth/page.tsx:3:0
Module not found: Can't resolve '../recipients/page'
[0m [90m 1 |[39m [32m"use client"[39m[0m
[0m [90m 2 |[39m[0m
[0m[31m[1m>[22m[39m[90m 3 |[39m [36mimport[39m [33mRecipientsPage[39m [36mfrom[39m [32m'../recipients/page'[39m[0m
[0m [90m 4 |[39m[0m
[0m [90m 5 |[39m [36mexport[39m [36mdefault[39m [36mfunction[39m [33mGrowthPage[39m() {[0m
[0m [90m 6 |[39m   [36mreturn[39m [33m<[39m[33mRecipientsPage[39m [33m/[39m[33m>[39m[0m

https://nextjs.org/docs/messages/module-not-found
 ⨯ ./app/growth/page.tsx:3:0
Module not found: Can't resolve '../recipients/page'
[0m [90m 1 |[39m [32m"use client"[39m[0m
[0m [90m 2 |[39m[0m
[0m[31m[1m>[22m[39m[90m 3 |[39m [36mimport[39m [33mRecipientsPage[39m [36mfrom[39m [32m'../recipients/page'[39m[0m
[0m [90m 4 |[39m[0m
[0m [90m 5 |[39m [36mexport[39m [36mdefault[39m [36mfunction[39m [33mGrowthPage[39m() {[0m
[0m [90m 6 |[39m   [36mreturn[39m [33m<[39m[33mRecipientsPage[39m [33m/[39m[33m>[39m[0m

https://nextjs.org/docs/messages/module-not-found
 ⨯ ./app/growth/page.tsx:3:0
Module not found: Can't resolve '../recipients/page'
[0m [90m 1 |[39m [32m"use client"[39m[0m
[0m [90m 2 |[39m[0m
[0m[31m[1m>[22m[39m[90m 3 |[39m [36mimport[39m [33mRecipientsPage[39m [36mfrom[39m [32m'../recipients/page'[39m[0m
[0m [90m 4 |[39m[0m
[0m [90m 5 |[39m [36mexport[39m [36mdefault[39m [36mfunction[39m [33mGrowthPage[39m() {[0m
[0m [90m 6 |[39m   [36mreturn[39m [33m<[39m[33mRecipientsPage[39m [33m/[39m[33m>[39m[0m

https://nextjs.org/docs/messages/module-not-found
 ✓ Compiled /_error in 909ms (1034 modules)
 ⚠ Fast Refresh had to perform a full reload. Read more: https://nextjs.org/docs/messages/fast-refresh-reload
 ⚠ Fast Refresh had to perform a full reload. Read more: https://nextjs.org/docs/messages/fast-refresh-reload
 ⚠ Fast Refresh had to perform a full reload. Read more: https://nextjs.org/docs/messages/fast-refresh-reload
 ⚠ Fast Refresh had to perform a full reload. Read more: https://nextjs.org/docs/messages/fast-refresh-reload
 ⚠ Fast Refresh had to perform a full reload. Read more: https://nextjs.org/docs/messages/fast-refresh-reload
 ⚠ Fast Refresh had to perform a full reload. Read more: https://nextjs.org/docs/messages/fast-refresh-reload
 ⚠ Fast Refresh had to perform a full reload. Read more: https://nextjs.org/docs/messages/fast-refresh-reload
 ⚠ Fast Refresh had to perform a full reload due to a runtime error.
 ⚠ Fast Refresh had to perform a full reload. Read more: https://nextjs.org/docs/messages/fast-refresh-reload
 ⚠ Fast Refresh had to perform a full reload. Read more: https://nextjs.org/docs/messages/fast-refresh-reload
 ⚠ Fast Refresh had to perform a full reload. Read more: https://nextjs.org/docs/messages/fast-refresh-reload
 ⚠ Fast Refresh had to perform a full reload. Read more: https://nextjs.org/docs/messages/fast-refresh-reload
 ✓ Compiled in 800ms (1038 modules)
 ✓ Compiled in 785ms (1038 modules)
 ✓ Compiled /campaigns in 371ms (429 modules)
 ✓ Compiled in 1360ms (1018 modules)
 ✓ Compiled /not-found in 315ms (1023 modules)
 ✓ Compiled in 823ms (1023 modules)
 ✓ Compiled /growth in 334ms (1029 modules)
 ✓ Compiled /campaigns in 254ms (422 modules)
 ✓ Compiled /calendar in 254ms (478 modules)
 ✓ Compiled /dashboard in 79ms (483 modules)
 ✓ Compiled /templates in 291ms (501 modules)
 ✓ Compiled /brand in 183ms (509 modules)
 ✓ Compiled in 799ms (1051 modules)
 ✓ Compiled in 532ms (1051 modules)
 ✓ Compiled in 818ms (1051 modules)
 ✓ Compiled /growth in 212ms (436 modules)
 ✓ Compiled /campaigns in 310ms (446 modules)
 ✓ Compiled /waitlist/builder/[id] in 337ms (445 modules)
 ✓ Compiled /forms/builder/[id] in 197ms (452 modules)
 ✓ Compiled / in 335ms (431 modules)
 ✓ Compiled /dashboard in 92ms (436 modules)
 ✓ Compiled /auth/login in 102ms (440 modules)
 ✓ Compiled /api/auth/ensure-profile in 286ms (534 modules)
 ✓ Compiled /campaigns in 285ms (537 modules)
 ✓ Compiled /templates in 207ms (544 modules)
 ✓ Compiled /brand in 214ms (552 modules)
 ✓ Compiled /analytics in 127ms (561 modules)
 ✓ Compiled /calendar in 453ms (498 modules)
 ✓ Compiled /campaigns in 106ms (508 modules)
 ○ Compiling /campaigns/new ...
 ✓ Compiled /campaigns/new in 851ms (1101 modules)
 ✓ Compiled /api/campaigns/save in 219ms (583 modules)
✅ Campaign saved successfully: {
  id: '2f2cf58f-9f0d-4c71-b700-edefab63960e',
  status: 'draft',
  organization_id: '8f21ac0f-3f7b-47e0-b6da-f8439399fd9e',
  user_id: '4d871178-b33a-49e2-b9db-d828d25e5c8a'
}
✅ Campaign saved successfully: {
  id: '2f2cf58f-9f0d-4c71-b700-edefab63960e',
  status: 'draft',
  organization_id: '8f21ac0f-3f7b-47e0-b6da-f8439399fd9e',
  user_id: '4d871178-b33a-49e2-b9db-d828d25e5c8a'
}
✅ Campaign saved successfully: {
  id: '2f2cf58f-9f0d-4c71-b700-edefab63960e',
  status: 'draft',
  organization_id: '8f21ac0f-3f7b-47e0-b6da-f8439399fd9e',
  user_id: '4d871178-b33a-49e2-b9db-d828d25e5c8a'
}
✅ Campaign saved successfully: {
  id: '2f2cf58f-9f0d-4c71-b700-edefab63960e',
  status: 'draft',
  organization_id: '8f21ac0f-3f7b-47e0-b6da-f8439399fd9e',
  user_id: '4d871178-b33a-49e2-b9db-d828d25e5c8a'
}
✅ Campaign saved successfully: {
  id: '2f2cf58f-9f0d-4c71-b700-edefab63960e',
  status: 'draft',
  organization_id: '8f21ac0f-3f7b-47e0-b6da-f8439399fd9e',
  user_id: '4d871178-b33a-49e2-b9db-d828d25e5c8a'
}
✅ Campaign saved successfully: {
  id: '2f2cf58f-9f0d-4c71-b700-edefab63960e',
  status: 'draft',
  organization_id: '8f21ac0f-3f7b-47e0-b6da-f8439399fd9e',
  user_id: '4d871178-b33a-49e2-b9db-d828d25e5c8a'
}
✅ Campaign saved successfully: {
  id: '2f2cf58f-9f0d-4c71-b700-edefab63960e',
  status: 'draft',
  organization_id: '8f21ac0f-3f7b-47e0-b6da-f8439399fd9e',
  user_id: '4d871178-b33a-49e2-b9db-d828d25e5c8a'
}
✅ Campaign saved successfully: {
  id: '2f2cf58f-9f0d-4c71-b700-edefab63960e',
  status: 'draft',
  organization_id: '8f21ac0f-3f7b-47e0-b6da-f8439399fd9e',
  user_id: '4d871178-b33a-49e2-b9db-d828d25e5c8a'
}
✅ Campaign saved successfully: {
  id: '2f2cf58f-9f0d-4c71-b700-edefab63960e',
  status: 'draft',
  organization_id: '8f21ac0f-3f7b-47e0-b6da-f8439399fd9e',
  user_id: '4d871178-b33a-49e2-b9db-d828d25e5c8a'
}
✅ Campaign saved successfully: {
  id: '2f2cf58f-9f0d-4c71-b700-edefab63960e',
  status: 'draft',
  organization_id: '8f21ac0f-3f7b-47e0-b6da-f8439399fd9e',
  user_id: '4d871178-b33a-49e2-b9db-d828d25e5c8a'
}
✅ Campaign saved successfully: {
  id: '2f2cf58f-9f0d-4c71-b700-edefab63960e',
  status: 'draft',
  organization_id: '8f21ac0f-3f7b-47e0-b6da-f8439399fd9e',
  user_id: '4d871178-b33a-49e2-b9db-d828d25e5c8a'
}
✅ Campaign saved successfully: {
  id: '2f2cf58f-9f0d-4c71-b700-edefab63960e',
  status: 'draft',
  organization_id: '8f21ac0f-3f7b-47e0-b6da-f8439399fd9e',
  user_id: '4d871178-b33a-49e2-b9db-d828d25e5c8a'
}
 ✓ Compiled in 614ms (1195 modules)
 ✓ Compiled in 313ms (1101 modules)
 ✓ Compiled in 827ms (1103 modules)
 ✓ Compiled in 500ms (1103 modules)
 ✓ Compiled in 346ms (627 modules)
 ✓ Compiled in 423ms (627 modules)
 ✓ Compiled in 367ms (627 modules)
 ✓ Compiled in 290ms (627 modules)
 ✓ Compiled /campaigns in 351ms (485 modules)
 ✓ Compiled /api/campaigns/save in 300ms (579 modules)
 ✓ Compiled /settings in 358ms (609 modules)
 ✓ Compiled /analytics in 301ms (629 modules)
 ✓ Compiled in 786ms (1070 modules)
 ✓ Compiled in 587ms (1070 modules)
 ✓ Compiled in 589ms (1070 modules)
 ✓ Compiled /auth/login in 251ms (447 modules)
 ✓ Compiled /api/auth/ensure-profile in 270ms (541 modules)
 ✓ Compiled /forms/builder/[id] in 284ms (547 modules)
 ✓ Compiled in 497ms (1058 modules)
 ✓ Compiled in 825ms (1072 modules)
 ✓ Compiled /forms/[id] in 190ms (449 modules)
 ✓ Compiled in 497ms (1063 modules)
 ✓ Compiled in 651ms (1063 modules)
 ✓ Compiled /growth in 136ms (440 modules)
 ✓ Compiled in 463ms (1067 modules)
 ✓ Compiled in 855ms (1060 modules)
 ✓ Compiled in 335ms (1060 modules)
 ✓ Compiled /dashboard in 341ms (438 modules)
 ✓ Compiled /waitlist/builder/[id] in 372ms (442 modules)
 ✓ Compiled /forms/builder/[id] in 102ms (449 modules)
 ✓ Compiled in 722ms (1060 modules)
 ✓ Compiled in 726ms (1060 modules)
 ✓ Compiled /campaigns in 357ms (443 modules)
 ✓ Compiled /calendar in 292ms (499 modules)
 ✓ Compiled /dashboard in 110ms (504 modules)
 ✓ Compiled in 792ms (1060 modules)
 ✓ Compiled in 715ms (1060 modules)
 ✓ Compiled in 675ms (1060 modules)
 ✓ Compiled /waitlist/builder/[id] in 342ms (437 modules)
 ✓ Compiled /forms/builder/[id] in 328ms (444 modules)
 ✓ Compiled in 679ms (1060 modules)
 ✓ Compiled /templates in 283ms (440 modules)
 ✓ Compiled /campaigns in 226ms (450 modules)
 ✓ Compiled in 766ms (1077 modules)
 ✓ Compiled /integrations in 271ms (449 modules)
